// Vitest Snapshot v1, https://vitest.dev/guide/snapshot.html

exports[`ContactMenu > renders 1`] = `
<DocumentFragment>
  <div
    class="menu"
    role="menu"
  >
    <a
      class="menu-item"
      href="mailto:info@sts.com.ge"
      rel="noopener noreferrer"
      role="menuitem"
      target="_blank"
    >
      <svg
        class="menu-item-icon"
        data-icon="mail"
      />
      Email STS
      <svg
        data-icon="external-link"
      />
    </a>
    <a
      class="menu-item"
      href="https://sts.com.ge/contact-us/"
      rel="noopener noreferrer"
      role="menuitem"
      target="_blank"
    >
      <svg
        class="menu-item-icon"
        data-icon="external-link"
      />
      Contact form on STS website
      <svg
        data-icon="external-link"
      />
    </a>
    <a
      class="menu-item"
      href="/source"
      rel="noopener noreferrer"
      role="menuitem"
      target="_blank"
    >
      <svg
        class="menu-item-icon"
        data-icon="github"
      />
      View source code
      <svg
        data-icon="external-link"
      />
    </a>
    <button
      class="menu-item"
      role="menuitem"
    >
      <svg
        class="menu-item-icon"
        data-icon="mail"
      />
      Subscribe to our newsletter
    </button>
  </div>
</DocumentFragment>
`;
