TAP version 13
# Subtest: P1 anonymous street is kept in this browser and survives reload
ok 1 - P1 anonymous street is kept in this browser and survives reload
  ---
  duration_ms: 6860.00772
  type: 'test'
  ...
# Subtest: P2 GitHub sign-in validates tokens and promotes the street to a gist
ok 2 - P2 GitHub sign-in validates tokens and promotes the street to a gist
  ---
  duration_ms: 9404.18512
  type: 'test'
  ...
# Subtest: P3 edits are saved to the gist, coalesced, and survive a new session
ok 3 - P3 edits are saved to the gist, coalesced, and survive a new session
  ---
  duration_ms: 14993.683631
  type: 'test'
  ...
# Subtest: P4 another person can view a shared street and remix it without changing the original
ok 4 - P4 another person can view a shared street and remix it without changing the original
  ---
  duration_ms: 18882.186004
  type: 'test'
  ...
# Subtest: P5 galleries list gists and built-in examples; deleting a street deletes its gist
ok 5 - P5 galleries list gists and built-in examples; deleting a street deletes its gist
  ---
  duration_ms: 30921.048146
  type: 'test'
  ...
# Subtest: P6 Plus membership comes from members.json; client-side export works
ok 6 - P6 Plus membership comes from members.json; client-side export works
  ---
  duration_ms: 7475.032014
  type: 'test'
  ...
# Subtest: P7 static pages, deep links, translations and no unexpected hosts
ok 7 - P7 static pages, deep links, translations and no unexpected hosts
  ---
  duration_ms: 6972.80634
  type: 'test'
  ...
1..7
# tests 7
# suites 0
# pass 7
# fail 0
# cancelled 0
# skipped 0
# todo 0
# duration_ms 95925.864239
