> sts-street@1.3.0 test:e2e
> node --test test/e2e/run.mjs
TAP version 13
# Subtest: J1 anonymous street persists on the server and is promoted to the account on sign-in
ok 1 - J1 anonymous street persists on the server and is promoted to the account on sign-in
  ---
  duration_ms: 9581.459025
  type: 'test'
  ...
# Subtest: J2 precise widths, variants, boundaries and long undo/redo sequences
ok 2 - J2 precise widths, variants, boundaries and long undo/redo sequences
  ---
  duration_ms: 47713.720302
  type: 'test'
  ...
# Subtest: J3 saved design survives reload, sign-out/in and a separate browser session
ok 3 - J3 saved design survives reload, sign-out/in and a separate browser session
  ---
  duration_ms: 16209.209567
  type: 'test'
  ...
# Subtest: J4 another user can view and remix a shared street without modifying the original
ok 4 - J4 another user can view and remix a shared street without modifying the original
  ---
  duration_ms: 7325.026149
  type: 'test'
  ...
# Subtest: J5 gallery pagination shows every street exactly once across pages
ok 5 - J5 gallery pagination shows every street exactly once across pages
  ---
  duration_ms: 8575.463276
  type: 'test'
  ...
# Subtest: J6 image exports contain the design, labels, Georgian text and watermark rules
ok 6 - J6 image exports contain the design, labels, Georgian text and watermark rules
  ---
  duration_ms: 9026.764974
  type: 'test'
  ...
# Subtest: J7 server rejects modification and deletion of another user's street and account
ok 7 - J7 server rejects modification and deletion of another user's street and account
  ---
  duration_ms: 444.876516
  type: 'test'
  ...
# Subtest: J8 failures are surfaced: offline save, expired session, invalid input, concurrent edits
ok 8 - J8 failures are surfaced: offline save, expired session, invalid input, concurrent edits
  ---
  duration_ms: 12084.986608
  type: 'test'
  ...
# Subtest: J9 Plus capabilities are unlocked for members only; integrations link to the public URL
ok 9 - J9 Plus capabilities are unlocked for members only; integrations link to the public URL
  ---
  duration_ms: 8340.082143
  type: 'test'
  ...
# Subtest: J10 clean session shows STS identity, calls no upstream services, and offers notices and source
ok 10 - J10 clean session shows STS identity, calls no upstream services, and offers notices and source
  ---
  duration_ms: 3112.65636
  type: 'test'
  ...
1..10
# tests 10
# suites 0
# pass 10
# fail 0
# cancelled 0
# skipped 0
# todo 0
# duration_ms 123053.447812
exit=0
