TAP version 13
# Subtest: J1 anonymous street persists on the server and is promoted to the account on sign-in
ok 1 - J1 anonymous street persists on the server and is promoted to the account on sign-in
  ---
  duration_ms: 9480.750063
  type: 'test'
  ...
# Subtest: J2 precise widths, variants, boundaries and long undo/redo sequences
ok 2 - J2 precise widths, variants, boundaries and long undo/redo sequences
  ---
  duration_ms: 46434.290563
  type: 'test'
  ...
# Subtest: J3 saved design survives reload, sign-out/in and a separate browser session
ok 3 - J3 saved design survives reload, sign-out/in and a separate browser session
  ---
  duration_ms: 14754.322214
  type: 'test'
  ...
# Subtest: J4 another user can view and remix a shared street without modifying the original
ok 4 - J4 another user can view and remix a shared street without modifying the original
  ---
  duration_ms: 7441.335395
  type: 'test'
  ...
# Subtest: J5 gallery pagination shows every street exactly once across pages
ok 5 - J5 gallery pagination shows every street exactly once across pages
  ---
  duration_ms: 8011.383176
  type: 'test'
  ...
# Subtest: J6 image exports contain the design, labels, Georgian text and watermark rules
not ok 6 - J6 image exports contain the design, labels, Georgian text and watermark rules
  ---
  duration_ms: 27001.80923
  type: 'test'
  location: '/home/user/Cross-section-app/test/e2e/run.mjs:407:1'
  failureType: 'testCodeFailure'
  error: |-
    page.waitForSelector: Timeout 20000ms exceeded.
    Call log:
    [2m  - waiting for locator('.save-as-image-dialog') to be visible[22m
    
  code: 'ERR_TEST_FAILURE'
  name: 'TimeoutError'
  stack: |-
    TestContext.<anonymous> (/home/user/Cross-section-app/test/e2e/run.mjs:447:14)
  ...
# Subtest: J7 server rejects modification and deletion of another user's street and account
ok 7 - J7 server rejects modification and deletion of another user's street and account
  ---
  duration_ms: 454.802685
  type: 'test'
  ...
# Subtest: J8 failures are surfaced: offline save, expired session, invalid input, concurrent edits
ok 8 - J8 failures are surfaced: offline save, expired session, invalid input, concurrent edits
  ---
  duration_ms: 12009.76779
  type: 'test'
  ...
# Subtest: J9 Plus capabilities are unlocked for members only; integrations link to the public URL
ok 9 - J9 Plus capabilities are unlocked for members only; integrations link to the public URL
  ---
  duration_ms: 8463.679005
  type: 'test'
  ...
# Subtest: J10 clean session shows STS identity, calls no upstream services, and offers notices and source
ok 10 - J10 clean session shows STS identity, calls no upstream services, and offers notices and source
  ---
  duration_ms: 3072.94978
  type: 'test'
  ...
1..10
# tests 10
# suites 0
# pass 9
# fail 1
# cancelled 0
# skipped 0
# todo 0
# duration_ms 137747.405438
exit=1
